// Jest Snapshot v1, https://goo.gl/fbAQLP

exports[`Shop component renders correctly 1`] = `
<div>
  <div
    class="content Shop"
  >
    <div
      class="Cart"
    >
      <img
        alt="shopping cart"
        class="cart"
        src="white-cart.svg"
      />
      <p
        data-testid="number-of-items"
      >
        0
         items 
      </p>
      <p
        data-testid="sum-of-items"
      >
        Total: 
        0
         $
      </p>
    </div>
    <h2>
      Shop
    </h2>
    <div
      class="products-container"
    >
      <div
        class="Product-card"
      >
        <div
          class="image-container"
        >
          <img
            alt="blue pens"
            class="product-img"
            src="pens3.jpg"
          />
          <p
            class="product-description"
          >
            Blue ink ballpoint pens, pack of 2
          </p>
        </div>
        <p>
          Price: 
          4
           $
        </p>
        <div>
          <img
            alt="shopping cart"
            class="cart"
            data-testid="cart-0"
            src="cart.svg"
          />
        </div>
      </div>
      <div
        class="Product-card"
      >
        <div
          class="image-container"
        >
          <img
            alt="golden pens"
            class="product-img"
            src="pens1.jpg"
          />
          <p
            class="product-description"
          >
            Automatic oil-based blue ink ballpoint pens, pack of 2
          </p>
        </div>
        <p>
          Price: 
          6
           $
        </p>
        <div>
          <img
            alt="shopping cart"
            class="cart"
            data-testid="cart-1"
            src="cart.svg"
          />
        </div>
      </div>
      <div
        class="Product-card"
      >
        <div
          class="image-container"
        >
          <img
            alt="colorful pens"
            class="product-img"
            src="pens2.jpg"
          />
          <p
            class="product-description"
          >
            Blue oil-based ink ballpoint pens (multicolor), pack of 5
          </p>
        </div>
        <p>
          Price: 
          8
           $
        </p>
        <div>
          <img
            alt="shopping cart"
            class="cart"
            data-testid="cart-2"
            src="cart.svg"
          />
        </div>
      </div>
      <div
        class="Product-card"
      >
        <div
          class="image-container"
        >
          <img
            alt="pencils"
            class="product-img"
            src="pencil.jpg"
          />
          <p
            class="product-description"
          >
            Graphite pencils (hardness "B"), pack of 3
          </p>
        </div>
        <p>
          Price: 
          4
           $
        </p>
        <div>
          <img
            alt="shopping cart"
            class="cart"
            data-testid="cart-3"
            src="cart.svg"
          />
        </div>
      </div>
      <div
        class="Product-card"
      >
        <div
          class="image-container"
        >
          <img
            alt="claculator"
            class="product-img"
            src="calculator.jpg"
          />
          <p
            class="product-description"
          >
            Claculator (size: 195*143*37 mm)
          </p>
        </div>
        <p>
          Price: 
          15
           $
        </p>
        <div>
          <img
            alt="shopping cart"
            class="cart"
            data-testid="cart-4"
            src="cart.svg"
          />
        </div>
      </div>
      <div
        class="Product-card"
      >
        <div
          class="image-container"
        >
          <img
            alt="sticky notes"
            class="product-img"
            src="sticky-notes.jpg"
          />
          <p
            class="product-description"
          >
            Block of multicolor sticky notes, 100 sheets
          </p>
        </div>
        <p>
          Price: 
          3
           $
        </p>
        <div>
          <img
            alt="shopping cart"
            class="cart"
            data-testid="cart-5"
            src="cart.svg"
          />
        </div>
      </div>
      <div
        class="Product-card"
      >
        <div
          class="image-container"
        >
          <img
            alt="highlighters"
            class="product-img"
            src="highlighters.jpg"
          />
          <p
            class="product-description"
          >
            Fluorescent water-based ink multicolor highlighters, pack of 4
          </p>
        </div>
        <p>
          Price: 
          10
           $
        </p>
        <div>
          <img
            alt="shopping cart"
            class="cart"
            data-testid="cart-6"
            src="cart.svg"
          />
        </div>
      </div>
      <div
        class="Product-card"
      >
        <div
          class="image-container"
        >
          <img
            alt="landscape copybooks"
            class="product-img"
            src="landscape-copybooks.jpg"
          />
          <p
            class="product-description"
          >
            A5 format notebooks (48 sheet), pack of 5
          </p>
        </div>
        <p>
          Price: 
          10
           $
        </p>
        <div>
          <img
            alt="shopping cart"
            class="cart"
            data-testid="cart-7"
            src="cart.svg"
          />
        </div>
      </div>
      <div
        class="Product-card"
      >
        <div
          class="image-container"
        >
          <img
            alt="nature copybooks"
            class="product-img"
            src="nature-copybooks.jpg"
          />
          <p
            class="product-description"
          >
            A5 format notebooks (48 sheet), pack of 5
          </p>
        </div>
        <p>
          Price: 
          10
           $
        </p>
        <div>
          <img
            alt="shopping cart"
            class="cart"
            data-testid="cart-8"
            src="cart.svg"
          />
        </div>
      </div>
      <div
        class="Product-card"
      >
        <div
          class="image-container"
        >
          <img
            alt="multicolored pencils"
            class="product-img"
            src="multicolored-pencils.jpg"
          />
          <p
            class="product-description"
          >
            Pencils with multicolor soft lead, 7 colors per pencil, pack of 3
          </p>
        </div>
        <p>
          Price: 
          10
           $
        </p>
        <div>
          <img
            alt="shopping cart"
            class="cart"
            data-testid="cart-9"
            src="cart.svg"
          />
        </div>
      </div>
      <div
        class="Product-card"
      >
        <div
          class="image-container"
        >
          <img
            alt="brushes"
            class="product-img"
            src="brushes.jpg"
          />
          <p
            class="product-description"
          >
            Artistic synthetic brushes, pack of 3
          </p>
        </div>
        <p>
          Price: 
          12
           $
        </p>
        <div>
          <img
            alt="shopping cart"
            class="cart"
            data-testid="cart-10"
            src="cart.svg"
          />
        </div>
      </div>
      <div
        class="Product-card"
      >
        <div
          class="image-container"
        >
          <img
            alt="watercolor"
            class="product-img"
            src="watercolor.jpg"
          />
          <p
            class="product-description"
          >
            High-quality honey-based watercolor paint, 24 colors
          </p>
        </div>
        <p>
          Price: 
          24
           $
        </p>
        <div>
          <img
            alt="shopping cart"
            class="cart"
            data-testid="cart-11"
            src="cart.svg"
          />
        </div>
      </div>
    </div>
  </div>
</div>
`;
